// Jest Snapshot v1, https://goo.gl/fbAQLP

exports[`matches snapshot 1`] = `
<div>
  <div
    class="Todo"
  >
    <div>
      <b>
        test title
      </b>
       
      <small>
        Priority: 
        1
      </small>
    </div>
    <div>
      <small>
        meow meow meow
      </small>
    </div>
  </div>
</div>
`;
